namespace NServiceBus.Extensions.Hosting
{
    public class static ContainerExtensions
    {
        public static void UseContainer<TContainerBuilder>(this NServiceBus.EndpointConfiguration configuration, Microsoft.Extensions.DependencyInjection.IServiceProviderFactory<TContainerBuilder> serviceProviderFactory) { }
    }
}
namespace NServiceBus
{
    public class static HostBuilderExtensions
    {
        public static Microsoft.Extensions.Hosting.IHostBuilder UseNServiceBus(this Microsoft.Extensions.Hosting.IHostBuilder hostBuilder, System.Func<Microsoft.Extensions.Hosting.HostBuilderContext, NServiceBus.EndpointConfiguration> endpointConfigurationBuilder) { }
    }
}