namespace NServiceBus
{
    public class static ServiceCollectionExtensions
    {
        public static Microsoft.Extensions.DependencyInjection.IServiceCollection AddNServiceBus(this Microsoft.Extensions.DependencyInjection.IServiceCollection services, NServiceBus.EndpointConfiguration configuration) { }
    }
}